-- YB AGGREGATES TEST (for pushdown)
--
-- Test basic aggregates and verify overflow is handled properly.
--
CREATE TABLE ybaggtest (
    id         int PRIMARY KEY,
    int_2      int2,
    int_4      int4,
    int_8      int8,
    float_4    float4,
    float_8    float8
);
-- Insert maximum integer values multiple times to force overflow on SUM (both in DocDB and PG).
INSERT INTO ybaggtest VALUES (1, 32767, 2147483647, 9223372036854775807, 1.1, 2.2);
INSERT INTO ybaggtest
    SELECT series, t.int_2, t.int_4, t.int_8, t.float_4, t.float_8
    FROM ybaggtest as t CROSS JOIN generate_series(2, 100) as series;
-- Verify COUNT(...) returns proper value.
SELECT COUNT(*) FROM ybaggtest;
 count
-------
   100
(1 row)

SELECT COUNT(0) FROM ybaggtest;
 count
-------
   100
(1 row)

SELECT COUNT(NULL) FROM ybaggtest;
 count
-------
     0
(1 row)

-- Delete row, verify COUNT(...) returns proper value.
DELETE FROM ybaggtest WHERE id = 100;
SELECT COUNT(*) FROM ybaggtest;
 count
-------
    99
(1 row)

SELECT COUNT(0) FROM ybaggtest;
 count
-------
    99
(1 row)

-- Verify selecting different aggs for same column works.
SELECT SUM(int_4), MAX(int_4), MIN(int_4), SUM(int_2), MAX(int_2), MIN(int_2) FROM ybaggtest;
     sum      |    max     |    min     |   sum   |  max  |  min
--------------+------------+------------+---------+-------+-------
 212600881053 | 2147483647 | 2147483647 | 3243933 | 32767 | 32767
(1 row)

-- Verify SUMs are correct for all fields and do not overflow.
SELECT SUM(int_2), SUM(int_4), SUM(int_8), SUM(float_4), SUM(float_8) FROM ybaggtest;
   sum   |     sum      |          sum          |  sum  |  sum
---------+--------------+-----------------------+-------+-------
 3243933 | 212600881053 | 913113831648622804893 | 108.9 | 217.8
(1 row)

-- Verify shared aggregates work as expected.
SELECT SUM(int_4), SUM(int_4) + 1 FROM ybaggtest;
     sum      |   ?column?
--------------+--------------
 212600881053 | 212600881054
(1 row)

-- Verify NaN float values are respected by aggregates.
INSERT INTO ybaggtest (id, float_4, float_8) VALUES (101, 'NaN', 'NaN');
SELECT COUNT(float_4), SUM(float_4), MAX(float_4), MIN(float_4) FROM ybaggtest;
 count | sum | max | min
-------+-----+-----+-----
   100 | NaN | NaN | 1.1
(1 row)

SELECT COUNT(float_8), SUM(float_8), MAX(float_8), MIN(float_8) FROM ybaggtest;
 count | sum | max | min
-------+-----+-----+-----
   100 | NaN | NaN | 2.2
(1 row)

--
-- Test NULL rows are handled properly by COUNT.
--
-- Create table without primary key.
CREATE TABLE ybaggtest2 (
    a int
);
-- Insert NULL rows.
INSERT INTO ybaggtest2 VALUES (NULL), (NULL), (NULL);
-- Insert regular rows.
INSERT INTO ybaggtest2 VALUES (1), (2), (3);
-- Verify NULL rows are included in COUNT(*) but not in COUNT(row).
SELECT COUNT(*) FROM ybaggtest2;
 count
-------
     6
(1 row)

SELECT COUNT(a) FROM ybaggtest2;
 count
-------
     3
(1 row)

SELECT COUNT(*), COUNT(a) FROM ybaggtest2;
 count | count
-------+-------
     6 |     3
(1 row)

-- Verify MAX/MIN respect NULL values.
SELECT MAX(a), MIN(a) FROM ybaggtest2;
 max | min
-----+-----
   3 |   1
(1 row)

-- Verify SUM/MAX/MIN work as expected with constant arguments.
SELECT SUM(2), MAX(2), MIN(2) FROM ybaggtest2;
 sum | max | min
-----+-----+-----
  12 |   2 |   2
(1 row)

SELECT SUM(NULL::int), MAX(NULL), MIN(NULL) FROM ybaggtest2;
 sum | max | min
-----+-----+-----
     |     |
(1 row)

CREATE TABLE digit(k INT PRIMARY KEY, v TEXT NOT NULL);
INSERT INTO digit VALUES(1, 'one'), (2, 'two'), (3, 'three'), (4, 'four'), (5, 'five'), (6, 'six');
CREATE TABLE test(k INT PRIMARY KEY);
ALTER TABLE test ADD v1 int DEFAULT 5;
ALTER TABLE test ADD v2 int DEFAULT 10;
INSERT INTO test VALUES(1), (2), (3);
SELECT COUNT(*) FROM test;
 count
-------
     3
(1 row)

SELECT COUNT(k) FROM test;
 count
-------
     3
(1 row)

SELECT COUNT(v1) FROM test;
 count
-------
     3
(1 row)

SELECT COUNT(v2) FROM test;
 count
-------
     3
(1 row)

SELECT * FROM digit AS d INNER JOIN (SELECT COUNT(v2) AS count FROM test) AS c ON (d.k = c.count);
 k |   v   | count
---+-------+-------
 3 | three |     3
(1 row)

INSERT INTO test VALUES(4, NULL, 10), (5, 5, NULL), (6, 5, NULL);
SELECT COUNT(*) FROM test;
 count
-------
     6
(1 row)

SELECT COUNT(k) FROM test;
 count
-------
     6
(1 row)

SELECT COUNT(v1) FROM test;
 count
-------
     5
(1 row)

SELECT COUNT(v2) FROM test;
 count
-------
     4
(1 row)

SELECT * FROM digit AS d INNER JOIN (SELECT COUNT(*) AS count FROM test) AS c ON (d.k = c.count);
 k |  v  | count
---+-----+-------
 6 | six |     6
(1 row)

SELECT * FROM digit AS d INNER JOIN (SELECT COUNT(k) AS count FROM test) AS c ON (d.k = c.count);
 k |  v  | count
---+-----+-------
 6 | six |     6
(1 row)

SELECT * FROM digit AS d INNER JOIN (SELECT COUNT(v1) AS count FROM test) AS c ON (d.k = c.count);
 k |  v   | count
---+------+-------
 5 | five |     5
(1 row)

SELECT * FROM digit AS d INNER JOIN (SELECT COUNT(v2) AS count FROM test) AS c ON (d.k = c.count);
 k |  v   | count
---+------+-------
 4 | four |     4
(1 row)

DROP TABLE test;
DROP TABLE digit;
CREATE TABLE test(K INT PRIMARY KEY, v1 INT NOT NULL, v2 INT NOT NULL);
INSERT INTO test VALUES(1, 1, 1), (2, 2, 2), (3, 3, 3);
AlTER TABLE test DROP v1;
SELECT MIN(v2) FROM test;
 min
-----
   1
(1 row)

SELECT MAX(v2) FROM test;
 max
-----
   3
(1 row)

SELECT SUM(v2) FROM test;
 sum
-----
   6
(1 row)

SELECT COUNT(v2) FROM test;
 count
-------
     3
(1 row)

-- For https://github.com/YugaByte/yugabyte-db/issues/10085
-- Original test case that had postgres FATAL:
CREATE TABLE t1(c0 DECIMAL );
INSERT INTO t1(c0) VALUES(0.4632167437031089463062016875483095645904541015625), (0.82173140818865475498711248292238451540470123291015625), (0.69990454445895500246166420765803195536136627197265625), (0.7554730989898816861938257716246880590915679931640625);
ALTER TABLE  ONLY t1 FORCE ROW LEVEL SECURITY, DISABLE ROW LEVEL SECURITY, NO FORCE ROW LEVEL SECURITY;
INSERT INTO t1(c0) VALUES(0.9946693818538820952568357824929989874362945556640625), (0.13653666831997435249235195442452095448970794677734375), (0.3359001510719556993223022800520993769168853759765625), (0.312027233370160583802999099134467542171478271484375);
SELECT SUM(count) FROM (SELECT (CAST((((('[-1962327130,2000870418)'::int4range)*('(-1293215916,183586536]'::int4range)))-((('[-545024026,526859443]'::int4range)*(NULL)))) AS VARCHAR)~current_query())::INT as count FROM ONLY t1) as res;
 sum
-----

(1 row)

-- Simplified test case that had postgres FATAL:
CREATE TABLE t2(c0 DECIMAL );
INSERT INTO t2 VALUES(1), (2), (3);
SELECT SUM(r) < 6 from (SELECT random() as r from t2) as res;
 ?column?
----------
 t
(1 row)

-- Simplified test case that had postgres FATAL:
CREATE TABLE t3(c0 DECIMAL );
INSERT INTO t3 VALUES(1), (2), (3);
SELECT SUM(r) from (SELECT (NULL=random())::int as r from t3) as res;
 sum
-----

(1 row)

-- Test case that did not have postgres FATAL but showed wrong result 't':
CREATE TABLE t4(c0 FLOAT8);
INSERT INTO t4 VALUES(1), (2), (3);
SELECT SUM(r) = 6 from (SELECT random() as r from t4) as res;
 ?column?
----------
 f
(1 row)

-- Test EXPLAIN with aggregate pushdown
EXPLAIN (COSTS OFF) SELECT COUNT(*), SUM(int_4) FROM ybaggtest;
           QUERY PLAN
---------------------------------
 Finalize Aggregate
   ->  Seq Scan on ybaggtest
         Partial Aggregate: true
(3 rows)

-- Negative tests - pushdown not supported
EXPLAIN (COSTS OFF) SELECT int_2, COUNT(*), SUM(int_4) FROM ybaggtest GROUP BY int_2;
         QUERY PLAN
-----------------------------
 HashAggregate
   Group Key: int_2
   ->  Seq Scan on ybaggtest
(3 rows)

EXPLAIN (COSTS OFF) SELECT DISTINCT int_4 FROM ybaggtest;
         QUERY PLAN
-----------------------------
 HashAggregate
   Group Key: int_4
   ->  Seq Scan on ybaggtest
(3 rows)

EXPLAIN (COSTS OFF) SELECT COUNT(distinct int_4), SUM(int_4) FROM ybaggtest;
         QUERY PLAN
-----------------------------
 Aggregate
   ->  Seq Scan on ybaggtest
(2 rows)
